拟合 2020-09-11：成熟训练 400 行、阳性 35、重叠事件簇 7；年度选参 + M0/M1/M2 完成，0.52 秒。
拟合 2020-10-01：成熟训练 414 行、阳性 35、重叠事件簇 7；M0/M1/M2 完成，0.06 秒。
拟合 2020-11-02：成熟训练 436 行、阳性 38、重叠事件簇 8；M0/M1/M2 完成，0.07 秒。
拟合 2020-12-01：成熟训练 456 行、阳性 38、重叠事件簇 8；M0/M1/M2 完成，0.07 秒。
拟合 2021-01-04：成熟训练 478 行、阳性 38、重叠事件簇 8；年度选参 + M0/M1/M2 完成，0.62 秒。
拟合 2021-02-01：成熟训练 497 行、阳性 41、重叠事件簇 9；M0/M1/M2 完成，0.07 秒。
拟合 2021-03-01：成熟训练 516 行、阳性 43、重叠事件簇 9；M0/M1/M2 完成，0.08 秒。
拟合 2021-04-01：成熟训练 539 行、阳性 43、重叠事件簇 9；M0/M1/M2 完成，0.08 秒。
拟合 2021-05-03：成熟训练 560 行、阳性 43、重叠事件簇 9；M0/M1/M2 完成，0.08 秒。
拟合 2021-06-01：成熟训练 580 行、阳性 47、重叠事件簇 10；M0/M1/M2 完成，0.09 秒。
拟合 2021-07-01：成熟训练 602 行、阳性 47、重叠事件簇 10；M0/M1/M2 完成，0.09 秒。
拟合 2021-08-02：成熟训练 623 行、阳性 47、重叠事件簇 10；M0/M1/M2 完成，0.09 秒。
拟合 2021-09-01：成熟训练 645 行、阳性 47、重叠事件簇 10；M0/M1/M2 完成，0.09 秒。
拟合 2021-10-01：成熟训练 666 行、阳性 47、重叠事件簇 10；M0/M1/M2 完成，0.09 秒。
拟合 2021-11-01：成熟训练 687 行、阳性 47、重叠事件簇 10；M0/M1/M2 完成，0.10 秒。
拟合 2021-12-01：成熟训练 708 行、阳性 50、重叠事件簇 11；M0/M1/M2 完成，0.10 秒。
拟合 2022-01-03：成熟训练 730 行、阳性 53、重叠事件簇 11；年度选参 + M0/M1/M2 完成，1.04 秒。
拟合 2022-02-01：成熟训练 750 行、阳性 55、重叠事件簇 12；M0/M1/M2 完成，0.11 秒。
拟合 2022-03-01：成熟训练 769 行、阳性 56、重叠事件簇 13；M0/M1/M2 完成，0.11 秒。
拟合 2022-04-01：成熟训练 792 行、阳性 56、重叠事件簇 13；M0/M1/M2 完成，0.11 秒。
拟合 2022-05-02：成熟训练 812 行、阳性 59、重叠事件簇 14；M0/M1/M2 完成，0.12 秒。
拟合 2022-06-01：成熟训练 833 行、阳性 60、重叠事件簇 15；M0/M1/M2 完成，0.12 秒。
拟合 2022-07-01：成熟训练 854 行、阳性 63、重叠事件簇 16；M0/M1/M2 完成，0.12 秒。
拟合 2022-08-01：成熟训练 874 行、阳性 63、重叠事件簇 16；M0/M1/M2 完成，0.13 秒。
拟合 2022-09-01：成熟训练 897 行、阳性 63、重叠事件簇 16；M0/M1/M2 完成，0.13 秒。
拟合 2022-10-03：成熟训练 918 行、阳性 63、重叠事件簇 16；M0/M1/M2 完成，0.13 秒。
拟合 2022-11-01：成熟训练 939 行、阳性 63、重叠事件簇 16；M0/M1/M2 完成，0.13 秒。
拟合 2022-12-01：成熟训练 960 行、阳性 63、重叠事件簇 16；M0/M1/M2 完成，0.14 秒。
拟合 2023-01-03：成熟训练 981 行、阳性 63、重叠事件簇 16；年度选参 + M0/M1/M2 完成，1.52 秒。
拟合 2023-02-01：成熟训练 1001 行、阳性 63、重叠事件簇 16；M0/M1/M2 完成，0.15 秒。
拟合 2023-03-01：成熟训练 1020 行、阳性 63、重叠事件簇 16；M0/M1/M2 完成，0.15 秒。
拟合 2023-04-03：成熟训练 1043 行、阳性 67、重叠事件簇 17；M0/M1/M2 完成，0.15 秒。
拟合 2023-05-01：成熟训练 1062 行、阳性 67、重叠事件簇 17；M0/M1/M2 完成，0.16 秒。
拟合 2023-06-01：成熟训练 1084 行、阳性 67、重叠事件簇 17；M0/M1/M2 完成，0.16 秒。
拟合 2023-07-03：成熟训练 1105 行、阳性 67、重叠事件簇 17；M0/M1/M2 完成，0.16 秒。
拟合 2023-08-01：成熟训练 1125 行、阳性 67、重叠事件簇 17；M0/M1/M2 完成，0.16 秒。
拟合 2023-09-01：成熟训练 1148 行、阳性 67、重叠事件簇 17；M0/M1/M2 完成，0.18 秒。
拟合 2023-10-02：成熟训练 1168 行、阳性 68、重叠事件簇 18；M0/M1/M2 完成，0.17 秒。
拟合 2023-11-01：成熟训练 1190 行、阳性 68、重叠事件簇 18；M0/M1/M2 完成，0.17 秒。
拟合 2023-12-01：成熟训练 1211 行、阳性 68、重叠事件簇 18；M0/M1/M2 完成，0.18 秒。
{
  "method": "REFIT_FROM_EXPORTED_DEVELOPMENT_INPUTS",
  "forecast_sessions": 831,
  "refit_comparison_passed": true,
  "saved_coefficient_audit_exit_code": 0,
  "pytest_exit_code": 0,
  "raw_market_data_rebuilt": false,
  "manifest_files_verified": 377,
  "output": "replay_results/20260907T022145969715Z"
}
