拟合 2024-01-02：成熟训练 1231 行、阳性 68、重叠事件簇 18；年度选参 + M0/M1/M2 完成，2.41 秒。
拟合 2024-02-01：成熟训练 1252 行、阳性 68、重叠事件簇 18；M0/M1/M2 完成，0.31 秒。
拟合 2024-03-01：成熟训练 1254 行、阳性 68、重叠事件簇 18；M0/M1/M2 完成，0.32 秒。
拟合 2024-04-01：成熟训练 1254 行、阳性 68、重叠事件簇 18；M0/M1/M2 完成，0.32 秒。
拟合 2024-05-01：成熟训练 1254 行、阳性 67、重叠事件簇 18；M0/M1/M2 完成，0.32 秒。
拟合 2024-06-03：成熟训练 1254 行、阳性 65、重叠事件簇 17；M0/M1/M2 完成，0.31 秒。
拟合 2024-07-01：成熟训练 1254 行、阳性 65、重叠事件簇 17；M0/M1/M2 完成，0.31 秒。
拟合 2024-08-01：成熟训练 1254 行、阳性 63、重叠事件簇 17；M0/M1/M2 完成，0.32 秒。
拟合 2024-09-03：成熟训练 1254 行、阳性 68、重叠事件簇 17；M0/M1/M2 完成，0.32 秒。
拟合 2024-10-01：成熟训练 1254 行、阳性 71、重叠事件簇 18；M0/M1/M2 完成，0.34 秒。
拟合 2024-11-01：成熟训练 1254 行、阳性 71、重叠事件簇 18；M0/M1/M2 完成，0.32 秒。
拟合 2024-12-02：成熟训练 1254 行、阳性 71、重叠事件簇 18；M0/M1/M2 完成，0.32 秒。
拟合 2025-01-02：成熟训练 1254 行、阳性 76、重叠事件簇 19；年度选参 + M0/M1/M2 完成，2.13 秒。
拟合 2025-02-03：成熟训练 1254 行、阳性 76、重叠事件簇 19；M0/M1/M2 完成，0.20 秒。
拟合 2025-03-03：成熟训练 1254 行、阳性 68、重叠事件簇 19；M0/M1/M2 完成，0.20 秒。
拟合 2025-04-01：成熟训练 1254 行、阳性 56、重叠事件簇 18；M0/M1/M2 完成，0.21 秒。
拟合 2025-05-01：成熟训练 1254 行、阳性 61、重叠事件簇 18；M0/M1/M2 完成，0.20 秒。
拟合 2025-06-02：成熟训练 1254 行、阳性 60、重叠事件簇 17；M0/M1/M2 完成，0.20 秒。
拟合 2025-07-01：成熟训练 1254 行、阳性 55、重叠事件簇 16；M0/M1/M2 完成，0.20 秒。
拟合 2025-08-01：成熟训练 1254 行、阳性 55、重叠事件簇 16；M0/M1/M2 完成，0.20 秒。
拟合 2025-09-02：成熟训练 1254 行、阳性 55、重叠事件簇 16；M0/M1/M2 完成，0.19 秒。
拟合 2025-10-01：成熟训练 1254 行、阳性 53、重叠事件簇 15；M0/M1/M2 完成，0.19 秒。
拟合 2025-11-03：成熟训练 1254 行、阳性 51、重叠事件簇 15；M0/M1/M2 完成，0.21 秒。
拟合 2025-12-01：成熟训练 1254 行、阳性 51、重叠事件簇 15；M0/M1/M2 完成，0.19 秒。
拟合 2026-01-02：成熟训练 1254 行、阳性 51、重叠事件簇 15；年度选参 + M0/M1/M2 完成，2.19 秒。
拟合 2026-02-02：成熟训练 1254 行、阳性 46、重叠事件簇 14；M0/M1/M2 完成，0.20 秒。
拟合 2026-03-02：成熟训练 1254 行、阳性 46、重叠事件簇 14；M0/M1/M2 完成，0.20 秒。
拟合 2026-04-01：成熟训练 1254 行、阳性 49、重叠事件簇 15；M0/M1/M2 完成，0.20 秒。
拟合 2026-05-01：成熟训练 1254 行、阳性 49、重叠事件簇 15；M0/M1/M2 完成，0.22 秒。
拟合 2026-06-01：成熟训练 1254 行、阳性 45、重叠事件簇 14；M0/M1/M2 完成，0.19 秒。
拟合 2026-07-01：成熟训练 1254 行、阳性 45、重叠事件簇 14；M0/M1/M2 完成，0.19 秒。
拟合 2026-08-03：成熟训练 1254 行、阳性 45、重叠事件簇 14；M0/M1/M2 完成，0.19 秒。
拟合 2026-09-01：成熟训练 1254 行、阳性 45、重叠事件簇 14；M0/M1/M2 完成，0.20 秒。
P6 M2_REPLAY：672预测日、33月拟合、3年度选择，12.46秒。
P6 M2_DROP_A：672预测日、33月拟合、3年度选择，10.39秒。
P6 M2_DROP_B：672预测日、33月拟合、3年度选择，11.28秒。
P6 M2_DROP_C：672预测日、33月拟合、3年度选择，11.07秒。
P6 M2_DROP_D：672预测日、33月拟合、3年度选择，11.28秒。
P6 M2_DROP_E：672预测日、33月拟合、3年度选择，12.06秒。
P6 M2_DROP_F：672预测日、33月拟合、3年度选择，11.09秒。
P6 M2_DROP_BDE：672预测日、33月拟合、3年度选择，9.73秒。
P6 M3_RECENCY：672预测日、33月拟合、3年度选择，12.59秒。
P6 M2_SKEW_REFERENCE：670预测日、33月拟合、3年度选择，12.80秒。
P6 M2_SKEW：670预测日、33月拟合、3年度选择，13.44秒。
本次命令未完成：'2024-01-01' is not in list
